src/components/Button/Button.tsx(1,17): error TS1484: 'ButtonHTMLAttributes' is a type and must be imported using a type-only import when 'verbatimModuleSyntax' is enabled.
src/components/Input/Input.tsx(1,17): error TS1484: 'InputHTMLAttributes' is a type and must be imported using a type-only import when 'verbatimModuleSyntax' is enabled.
src/components/Input/Input.tsx(1,38): error TS1484: 'SelectHTMLAttributes' is a type and must be imported using a type-only import when 'verbatimModuleSyntax' is enabled.
src/components/Input/Input.tsx(1,60): error TS1484: 'TextareaHTMLAttributes' is a type and must be imported using a type-only import when 'verbatimModuleSyntax' is enabled.
src/pages/ApplicantListPage/ApplicantListPage.tsx(3,59): error TS6133: 'ExternalLink' is declared but its value is never read.
src/pages/ApplicantListPage/ApplicantListPage.tsx(47,23): error TS2345: Argument of type '(prev: ({ id: string; name: string; university: string; year: string; github: string; linkedin: string; aiScore: number; status: "pending"; } | { id: string; name: string; university: string; year: string; github: string; linkedin: string; aiScore: null; status: "pending"; })[]) => ({ ...; } | ... 2 more ... | { ......' is not assignable to parameter of type 'SetStateAction<({ id: string; name: string; university: string; year: string; github: string; linkedin: string; aiScore: number; status: "pending"; } | { id: string; name: string; university: string; year: string; github: string; linkedin: string; aiScore: null; status: "pending"; })[]>'.
  Type '(prev: ({ id: string; name: string; university: string; year: string; github: string; linkedin: string; aiScore: number; status: "pending"; } | { id: string; name: string; university: string; year: string; github: string; linkedin: string; aiScore: null; status: "pending"; })[]) => ({ ...; } | ... 2 more ... | { ......' is not assignable to type '(prevState: ({ id: string; name: string; university: string; year: string; github: string; linkedin: string; aiScore: number; status: "pending"; } | { id: string; name: string; university: string; year: string; github: string; linkedin: string; aiScore: null; status: "pending"; })[]) => ({ ...; } | { ...; })[]'.
    Type '({ id: string; name: string; university: string; year: string; github: string; linkedin: string; aiScore: number; status: "pending"; } | { id: string; name: string; university: string; year: string; github: string; linkedin: string; aiScore: null; status: "pending"; } | { ...; } | { ...; })[]' is not assignable to type '({ id: string; name: string; university: string; year: string; github: string; linkedin: string; aiScore: number; status: "pending"; } | { id: string; name: string; university: string; year: string; github: string; linkedin: string; aiScore: null; status: "pending"; })[]'.
      Type '{ id: string; name: string; university: string; year: string; github: string; linkedin: string; aiScore: number; status: "pending"; } | { id: string; name: string; university: string; year: string; github: string; linkedin: string; aiScore: null; status: "pending"; } | { ...; } | { ...; }' is not assignable to type '{ id: string; name: string; university: string; year: string; github: string; linkedin: string; aiScore: number; status: "pending"; } | { id: string; name: string; university: string; year: string; github: string; linkedin: string; aiScore: null; status: "pending"; }'.
        Type '{ status: "approved" | "rejected"; id: string; name: string; university: string; year: string; github: string; linkedin: string; aiScore: number; }' is not assignable to type '{ id: string; name: string; university: string; year: string; github: string; linkedin: string; aiScore: number; status: "pending"; } | { id: string; name: string; university: string; year: string; github: string; linkedin: string; aiScore: null; status: "pending"; }'.
          Type '{ status: "approved" | "rejected"; id: string; name: string; university: string; year: string; github: string; linkedin: string; aiScore: number; }' is not assignable to type '{ id: string; name: string; university: string; year: string; github: string; linkedin: string; aiScore: number; status: "pending"; }'.
            Types of property 'status' are incompatible.
              Type '"approved" | "rejected"' is not assignable to type '"pending"'.
                Type '"approved"' is not assignable to type '"pending"'.
src/pages/ApplicantListPage/ApplicantListPage.tsx(151,61): error TS2339: Property 'charAt' does not exist on type 'never'.
src/pages/ApplicantListPage/ApplicantListPage.tsx(151,98): error TS2339: Property 'slice' does not exist on type 'never'.
src/pages/EventDetailsPage/EventDetailsPage.tsx(128,26): error TS2367: This comparison appears to be unintentional because the types '"student"' and '"professional"' have no overlap.
